[11:31:49.047] Running build in Washington, D.C., USA (East) – iad1
[11:31:49.048] Build machine configuration: 2 cores, 8 GB
[11:31:49.081] Cloning github.com/wwaakkoo/keiba-app (Branch: main, Commit: d657eaf)
[11:31:49.198] Previous build caches not available
[11:31:49.407] Cloning completed: 325.000ms
[11:31:49.712] Running "vercel build"
[11:31:50.112] Vercel CLI 46.0.2
[11:31:50.707] Installing dependencies...
[11:31:53.266] npm warn deprecated sourcemap-codec@1.4.8: Please use @jridgewell/sourcemap-codec instead
[11:31:53.326] npm warn deprecated rimraf@3.0.2: Rimraf versions prior to v4 are no longer supported
[11:31:53.941] npm warn deprecated source-map@0.8.0-beta.0: The work that was done in this beta branch won't be included in future versions
[11:31:54.097] npm warn deprecated glob@7.2.3: Glob versions prior to v9 are no longer supported
[11:31:54.131] npm warn deprecated inflight@1.0.6: This module is not supported, and leaks memory. Do not use it. Check out lru-cache if you want a good and tested way to coalesce async requests by a key value, which is much more comprehensive and powerful.
[11:31:55.115] npm warn deprecated @humanwhocodes/config-array@0.13.0: Use @eslint/config-array instead
[11:31:55.133] npm warn deprecated @humanwhocodes/object-schema@2.0.3: Use @eslint/object-schema instead
[11:31:57.075] npm warn deprecated eslint@8.57.1: This version is no longer supported. Please see https://eslint.org/version-support for other options.
[11:31:57.942] 
[11:31:57.943] added 600 packages in 7s
[11:31:57.944] 
[11:31:57.944] 156 packages are looking for funding
[11:31:57.944]   run `npm fund` for details
[11:31:58.004] Running "npm run build"
[11:31:58.109] 
[11:31:58.110] > keiba-mobile-app@0.1.0 build
[11:31:58.110] > tsc && vite build
[11:31:58.111] 
[11:32:05.964] src/components/statistics/DetailedStatisticsView.tsx(1,27): error TS6133: 'useMemo' is declared but its value is never read.
[11:32:05.966] src/components/statistics/DetailedStatisticsView.tsx(10,3): error TS6133: 'ChevronDown' is declared but its value is never read.
[11:32:05.966] src/components/statistics/DetailedStatisticsView.tsx(11,3): error TS6133: 'ChevronUp' is declared but its value is never read.
[11:32:05.967] src/components/statistics/DetailedStatisticsView.tsx(14,26): error TS6133: 'FlexLayout' is declared but its value is never read.
[11:32:05.967] src/components/statistics/DetailedStatisticsView.tsx(28,10): error TS6133: 'expandedSections' is declared but its value is never read.
[11:32:05.968] src/components/statistics/DetailedStatisticsView.tsx(30,9): error TS6133: 'toggleSection' is declared but its value is never read.
[11:32:05.968] src/components/statistics/DetailedStatisticsView.tsx(374,53): error TS6133: 'index' is declared but its value is never read.
[11:32:05.968] src/components/statistics/HitPatternAnalysis.tsx(5,1): error TS6133: 'ZoomableChart' is declared but its value is never read.
[11:32:05.969] src/components/statistics/StatisticsView.tsx(1,27): error TS6133: 'useEffect' is declared but its value is never read.
[11:32:05.969] src/components/statistics/StatisticsView.tsx(12,53): error TS6133: 'ROIAnalysisType' is declared but its value is never read.
[11:32:05.970] src/components/statistics/StatisticsView.tsx(12,70): error TS6133: 'HitPattern' is declared but its value is never read.
[11:32:05.970] src/components/statistics/StatisticsView.tsx(12,82): error TS6133: 'ImprovementSuggestion' is declared but its value is never read.
[11:32:05.971] src/components/statistics/StatisticsView.tsx(14,40): error TS6133: 'PerformanceMetrics' is declared but its value is never read.
[11:32:05.971] src/components/statistics/StatisticsView.tsx(15,52): error TS6133: 'TrendAnalysisType' is declared but its value is never read.
[11:32:05.971] src/hooks/usePredictionWorker.ts(185,32): error TS6133: 'predictionHistory' is declared but its value is never read.
[11:32:05.971] src/services/dataExportService.ts(58,15): error TS6133: 'race' is declared but its value is never read.
[11:32:05.971] src/services/dataExportService.ts(414,25): error TS6133: 'e' is declared but its value is never read.
[11:32:05.972] src/services/database.ts(92,40): error TS6133: 'primKey' is declared but its value is never read.
[11:32:05.972] src/services/database.ts(92,54): error TS6133: 'trans' is declared but its value is never read.
[11:32:05.972] src/services/detailedAnalysisService.ts(1,28): error TS6133: 'AccuracyStats' is declared but its value is never read.
[11:32:05.972] src/services/detailedAnalysisService.ts(1,43): error TS6133: 'ConditionStats' is declared but its value is never read.
[11:32:05.972] src/services/detailedAnalysisService.ts(1,59): error TS6133: 'TrendData' is declared but its value is never read.
[11:32:05.972] src/services/detailedAnalysisService.ts(273,5): error TS6133: 'predictions' is declared but its value is never read.
[11:32:05.973] src/services/detailedAnalysisService.ts(274,5): error TS6133: 'investmentMap' is declared but its value is never read.
[11:32:05.973] src/services/detailedAnalysisService.ts(285,5): error TS6133: 'predictions' is declared but its value is never read.
[11:32:05.973] src/services/detailedAnalysisService.ts(286,5): error TS6133: 'investmentMap' is declared but its value is never read.
[11:32:05.973] src/services/detailedAnalysisService.ts(417,5): error TS6133: 'predictions' is declared but its value is never read.
[11:32:05.973] src/services/detailedAnalysisService.ts(418,5): error TS6133: 'investments' is declared but its value is never read.
[11:32:05.973] src/services/detailedAnalysisService.ts(433,33): error TS6133: 'predictions' is declared but its value is never read.
[11:32:05.973] src/services/detailedAnalysisService.ts(446,5): error TS6133: 'predictions' is declared but its value is never read.
[11:32:05.973] src/services/detailedAnalysisService.ts(447,5): error TS6133: 'investments' is declared but its value is never read.
[11:32:05.973] src/services/detailedAnalysisService.ts(454,36): error TS6133: 'predictions' is declared but its value is never read.
[11:32:05.974] src/services/detailedAnalysisService.ts(458,40): error TS6133: 'predictions' is declared but its value is never read.
[11:32:05.974] src/services/detailedAnalysisService.ts(462,40): error TS6133: 'predictions' is declared but its value is never read.
[11:32:05.974] src/services/detailedAnalysisService.ts(466,39): error TS6133: 'predictions' is declared but its value is never read.
[11:32:05.974] src/services/detailedAnalysisService.ts(470,39): error TS6133: 'predictions' is declared but its value is never read.
[11:32:05.974] src/services/detailedAnalysisService.ts(474,39): error TS6133: 'predictions' is declared but its value is never read.
[11:32:05.974] src/services/detailedStatisticsService.ts(355,3): error TS6133: 'predictions' is declared but its value is never read.
[11:32:05.974] src/services/enhancedStatisticsService.ts(175,5): error TS6133: 'investments' is declared but its value is never read.
[11:32:05.974] src/services/enhancedStatisticsService.ts(377,5): error TS6133: 'investments' is declared but its value is never read.
[11:32:05.974] src/services/enhancedStatisticsService.ts(411,5): error TS6133: 'predictions' is declared but its value is never read.
[11:32:05.975] src/services/enhancedStatisticsService.ts(422,43): error TS6133: 'predictions' is declared but its value is never read.
[11:32:05.975] src/services/enhancedStatisticsService.ts(432,5): error TS6133: 'predictions' is declared but its value is never read.
[11:32:05.975] src/services/enhancedStatisticsService.ts(433,5): error TS6133: 'investments' is declared but its value is never read.
[11:32:05.979] src/services/enhancedStatisticsService.ts(445,5): error TS6133: 'predictions' is declared but its value is never read.
[11:32:05.980] src/services/enhancedStatisticsService.ts(446,5): error TS6133: 'investments' is declared but its value is never read.
[11:32:05.980] src/services/enhancedStatisticsService.ts(458,5): error TS6133: 'predictions' is declared but its value is never read.
[11:32:05.980] src/services/enhancedStatisticsService.ts(459,5): error TS6133: 'investments' is declared but its value is never read.
[11:32:05.980] src/services/enhancedStatisticsService.ts(466,5): error TS6133: 'predictions' is declared but its value is never read.
[11:32:05.980] src/services/enhancedStatisticsService.ts(467,5): error TS6133: 'investments' is declared but its value is never read.
[11:32:05.980] src/services/enhancedStatisticsService.ts(516,38): error TS6133: 'predictions' is declared but its value is never read.
[11:32:05.980] src/services/enhancedStatisticsService.ts(521,36): error TS6133: 'predictions' is declared but its value is never read.
[11:32:05.980] src/services/enhancedStatisticsService.ts(526,31): error TS6133: 'predictions' is declared but its value is never read.
[11:32:05.980] src/services/investmentPerformanceService.ts(1,22): error TS6133: 'InvestmentPerformance' is declared but its value is never read.
[11:32:05.980] src/services/performanceAnalysisService.ts(1,28): error TS6133: 'AccuracyStats' is declared but its value is never read.
[11:32:05.980] src/services/performanceAnalysisService.ts(1,43): error TS6133: 'ConditionStats' is declared but its value is never read.
[11:32:05.980] src/services/performanceAnalysisService.ts(3,30): error TS6133: 'investmentPerformanceService' is declared but its value is never read.
[11:32:05.980] src/services/performanceAnalysisService.ts(404,45): error TS6133: 'predictions' is declared but its value is never read.
[11:32:05.980] src/services/performanceAnalysisService.ts(404,78): error TS6133: 'investments' is declared but its value is never read.
[11:32:05.980] src/services/performanceAnalysisService.ts(417,45): error TS6133: 'predictions' is declared but its value is never read.
[11:32:05.980] src/services/performanceAnalysisService.ts(417,78): error TS6133: 'investments' is declared but its value is never read.
[11:32:05.980] src/services/performanceAnalysisService.ts(425,44): error TS6133: 'predictions' is declared but its value is never read.
[11:32:05.980] src/services/performanceAnalysisService.ts(425,77): error TS6133: 'investments' is declared but its value is never read.
[11:32:05.980] src/services/performanceAnalysisService.ts(436,42): error TS6133: 'predictions' is declared but its value is never read.
[11:32:05.980] src/services/performanceAnalysisService.ts(436,75): error TS6133: 'investments' is declared but its value is never read.
[11:32:05.980] src/services/performanceAnalysisService.ts(444,38): error TS6133: 'predictions' is declared but its value is never read.
[11:32:05.980] src/services/performanceAnalysisService.ts(444,71): error TS6133: 'investments' is declared but its value is never read.
[11:32:06.001] Error: Command "npm run build" exited with 2